bs_wdnb_2-0000000001
bs_wdnb_0-0000000001
bs_wdnb_1-0000000001
bs_wdnb_2-0000000002
bs_wdnb_0-0000000002
bs_wdnb_1-0000000002
