index "dnews_0" has no min_usable specified, TODO before online
index "dnews_1" has no min_usable specified, TODO before online
index "dnews_2" has no min_usable specified, TODO before online
index "dnews_3" has no min_usable specified, TODO before online
index "dnews_4" has no min_usable specified, TODO before online
index "dnews_5" has no min_usable specified, TODO before online
index "dnews_10" has no min_usable specified, TODO before online
index "wp_0" has no min_usable specified, TODO before online
index "wp_1" has no min_usable specified, TODO before online
index "dnews_0" has no min_usable specified, TODO before online
index "dnews_1" has no min_usable specified, TODO before online
index "dnews_2" has no min_usable specified, TODO before online
index "dnews_3" has no min_usable specified, TODO before online
index "dnews_4" has no min_usable specified, TODO before online
index "dnews_5" has no min_usable specified, TODO before online
index "dnews_10" has no min_usable specified, TODO before online
index "wp_0" has no min_usable specified, TODO before online
index "wp_1" has no min_usable specified, TODO before online
{"new":{"/hank_cluster/connection/bc/group_1/jx":"{\"group\":\"1\",\"bsinfo\":[{\"index_name\":\"dnews_0\",\"min_usable\":\"60\",\"hostinfo\":[{\"is_local\":1,\"hostname\":\"cq01-2011q4-setest3-1.vm.baidu.com\",\"port\":\"11441\"},{\"is_local\":0,\"hostname\":\"cq01-2011q4-setest3-11.vm.baidu.com\",\"port\":\"11441\"}]},{\"index_name\":\"dnews_1\",\"min_usable\":\"60\",\"hostinfo\":[{\"is_local\":0,\"hostname\":\"cq01-2011q4-setest3-15.vm.baidu.com\",\"port\":\"11425\"},{\"is_local\":1,\"hostname\":\"cq01-2011q4-setest3-5.vm.baidu.com\",\"port\":\"11425\"}]},{\"index_name\":\"dnews_2\",\"min_usable\":\"60\",\"hostinfo\":[{\"is_local\":0,\"hostname\":\"cq01-2011q4-setest3-14.vm.baidu.com\",\"port\":\"11425\"},{\"is_local\":1,\"hostname\":\"cq01-2011q4-setest3-4.vm.baidu.com\",\"port\":\"11425\"}]},{\"index_name\":\"dnews_3\",\"min_usable\":\"60\",\"hostinfo\":[{\"is_local\":0,\"hostname\":\"cq01-2011q4-setest3-13.vm.baidu.com\",\"port\":\"11425\"},{\"is_local\":1,\"hostname\":\"cq01-2011q4-setest3-3.vm.baidu.com\",\"port\":\"11441\"}]},{\"index_name\":\"dnews_4\",\"min_usable\":\"60\",\"hostinfo\":[{\"is_local\":0,\"hostname\":\"cq01-2011q4-setest3-13.vm.baidu.com\",\"port\":\"11441\"},{\"is_local\":1,\"hostname\":\"cq01-2011q4-setest3-3.vm.baidu.com\",\"port\":\"11425\"}]},{\"index_name\":\"dnews_5\",\"min_usable\":\"60\",\"hostinfo\":[{\"is_local\":0,\"hostname\":\"cq01-2011q4-setest3-12.vm.baidu.com\",\"port\":\"11441\"},{\"is_local\":1,\"hostname\":\"cq01-2011q4-setest3-2.vm.baidu.com\",\"port\":\"11425\"}]},{\"index_name\":\"dnews_10\",\"min_usable\":\"60\",\"hostinfo\":[{\"is_local\":0,\"hostname\":\"cq01-2011q4-setest3-14.vm.baidu.com\",\"port\":\"11441\"},{\"is_local\":0,\"hostname\":\"cq01-2011q4-setest3-15.vm.baidu.com\",\"port\":\"11441\"}]},{\"index_name\":\"wp_0\",\"min_usable\":\"60\",\"hostinfo\":[{\"is_local\":1,\"hostname\":\"cq01-2011q4-setest3-1.vm.baidu.com\",\"port\":\"11425\"}]},{\"index_name\":\"wp_1\",\"min_usable\":\"60\",\"hostinfo\":[{\"is_local\":0,\"hostname\":\"cq01-2011q4-setest3-12.vm.baidu.com\",\"port\":\"11425\"},{\"is_local\":1,\"hostname\":\"cq01-2011q4-setest3-2.vm.baidu.com\",\"port\":\"11441\"}]}]}","/hank_cluster/connection/bc/group_1/tc":"{\"group\":\"1\",\"bsinfo\":[{\"index_name\":\"dnews_0\",\"min_usable\":\"60\",\"hostinfo\":[{\"is_local\":0,\"hostname\":\"cq01-2011q4-setest3-1.vm.baidu.com\",\"port\":\"11441\"},{\"is_local\":1,\"hostname\":\"cq01-2011q4-setest3-11.vm.baidu.com\",\"port\":\"11441\"}]},{\"index_name\":\"dnews_1\",\"min_usable\":\"60\",\"hostinfo\":[{\"is_local\":1,\"hostname\":\"cq01-2011q4-setest3-15.vm.baidu.com\",\"port\":\"11425\"},{\"is_local\":0,\"hostname\":\"cq01-2011q4-setest3-5.vm.baidu.com\",\"port\":\"11425\"}]},{\"index_name\":\"dnews_2\",\"min_usable\":\"60\",\"hostinfo\":[{\"is_local\":1,\"hostname\":\"cq01-2011q4-setest3-14.vm.baidu.com\",\"port\":\"11425\"},{\"is_local\":0,\"hostname\":\"cq01-2011q4-setest3-4.vm.baidu.com\",\"port\":\"11425\"}]},{\"index_name\":\"dnews_3\",\"min_usable\":\"60\",\"hostinfo\":[{\"is_local\":1,\"hostname\":\"cq01-2011q4-setest3-13.vm.baidu.com\",\"port\":\"11425\"},{\"is_local\":0,\"hostname\":\"cq01-2011q4-setest3-3.vm.baidu.com\",\"port\":\"11441\"}]},{\"index_name\":\"dnews_4\",\"min_usable\":\"60\",\"hostinfo\":[{\"is_local\":1,\"hostname\":\"cq01-2011q4-setest3-13.vm.baidu.com\",\"port\":\"11441\"},{\"is_local\":0,\"hostname\":\"cq01-2011q4-setest3-3.vm.baidu.com\",\"port\":\"11425\"}]},{\"index_name\":\"dnews_5\",\"min_usable\":\"60\",\"hostinfo\":[{\"is_local\":1,\"hostname\":\"cq01-2011q4-setest3-12.vm.baidu.com\",\"port\":\"11441\"},{\"is_local\":0,\"hostname\":\"cq01-2011q4-setest3-2.vm.baidu.com\",\"port\":\"11425\"}]},{\"index_name\":\"dnews_10\",\"min_usable\":\"60\",\"hostinfo\":[{\"is_local\":1,\"hostname\":\"cq01-2011q4-setest3-14.vm.baidu.com\",\"port\":\"11441\"},{\"is_local\":1,\"hostname\":\"cq01-2011q4-setest3-15.vm.baidu.com\",\"port\":\"11441\"}]},{\"index_name\":\"wp_0\",\"min_usable\":\"60\",\"hostinfo\":[{\"is_local\":0,\"hostname\":\"cq01-2011q4-setest3-1.vm.baidu.com\",\"port\":\"11425\"}]},{\"index_name\":\"wp_1\",\"min_usable\":\"60\",\"hostinfo\":[{\"is_local\":1,\"hostname\":\"cq01-2011q4-setest3-12.vm.baidu.com\",\"port\":\"11425\"},{\"is_local\":0,\"hostname\":\"cq01-2011q4-setest3-2.vm.baidu.com\",\"port\":\"11441\"}]}]}"},"old":{}}
