bs_wdnb_2-0000000003 get current_state "service_port" failed
{
    "index_partition":{
        "wdnb_0":{
            "group":"group_x",
            "index_layer":"1",
            "index_type":"wdnb",
            "replication_factor":"1"
        },
        "wdnb_1":{
            "group":"group_x",
            "index_layer":"2",
            "index_type":"wdnb",
            "replication_factor":"1"
        },
        "wdnb_2":{
            "group":"group_x",
            "index_layer":"3",
            "index_type":"wdnb",
            "replication_factor":"1"
        }
    },
    "placement":{
        "n1":[
            {
                "partition":"wdnb_0",
                "service_port":"12345",
                "state":"NEW"
            }
        ],
        "n2":[
            {
                "partition":"wdnb_1",
                "service_port":"12345",
                "state":"NEW"
            }
        ],
        "n3":[
            {
                "partition":"wdnb_2",
                "service_port":"12345",
                "state":"NEW"
            }
        ],
        "n4":[
            {
                "partition":"wdnb_0",
                "service_port":"12345",
                "state":"NEW"
            }
        ],
        "n5":[
            {
                "partition":"wdnb_1",
                "service_port":"12345",
                "state":"NEW"
            }
        ],
        "n6":[
            {
                "partition":"wdnb_2",
                "service_port":"12345",
                "state":"NEW"
            }
        ],
        "n7":[
            {
                "partition":"wdnb_2",
                "service_port":"-1",
                "state":"NEW"
            }
        ],
        "n8":[
        ]
    },
    "slavenode":{
        "n1":{
            "cpu_capacity":"100",
            "failure_domain":"f1",
            "group":"group_x",
            "idc":"jx",
            "online_state":"online"
        },
        "n2":{
            "cpu_capacity":"100",
            "failure_domain":"f1",
            "group":"group_x",
            "idc":"jx",
            "online_state":"online"
        },
        "n3":{
            "cpu_capacity":"100",
            "failure_domain":"f1",
            "group":"group_x",
            "idc":"jx",
            "online_state":"online"
        },
        "n4":{
            "cpu_capacity":"100",
            "failure_domain":"f1",
            "group":"group_x",
            "idc":"jx",
            "online_state":"online"
        },
        "n5":{
            "cpu_capacity":"100",
            "failure_domain":"f1",
            "group":"group_x",
            "idc":"tc",
            "online_state":"online"
        },
        "n6":{
            "cpu_capacity":"100",
            "failure_domain":"f1",
            "group":"group_x",
            "idc":"tc",
            "online_state":"online"
        },
        "n7":{
            "cpu_capacity":"100",
            "failure_domain":"f1",
            "group":"group_x",
            "idc":"tc",
            "online_state":"online"
        },
        "n8":{
            "cpu_capacity":"100",
            "failure_domain":"f1",
            "group":"group_x",
            "idc":"tc",
            "online_state":"online"
        }
    }
}
