brief
mcdict
strategy
dyndata "error_id" add failed, no valid dyndata-meta found.
{"hello":"hjz"}
{"reload_command":"-t 60","target_module":"bc"}
{"a1":"b2","a2":"b3","reload_command":"-t 60","target_module":"bc"}
{"a":"1","b":"2","c":"3"}
brief_2017
brief_2016
brief_2015
brief_2014
brief_2013
brief_2012
dyndata-meta del failed, probally has child
