add result 0
{"auto_start_new_service":"off","safe_mode":"off"}
