add result=0
add result=0
add result=0
add result=0
bc_group_1
bs_dnews_1
bs_vip_0
bs_wp_2
list result=0
del result=0
bc_group_1
bs_dnews_1
bs_vip_0
list result=0
